============================================================
  Generated by:           Genus(TM) Synthesis Solution 20.11-s111_1
  Generated on:           Sep 06 2026  04:14:20 pm
  Module:                 top
  Operating conditions:   PVT_0P9V_125C (balanced_tree)
  Wireload mode:          enclosed
  Area mode:              timing library
============================================================

                              
   Gate    Instances   Area       Library    
---------------------------------------------
ADDFX1             3   15.390    slow_vdd1v0 
AND2XL             1    1.368    slow_vdd1v0 
AO21XL             1    2.394    slow_vdd1v0 
AO22XL             1    2.736    slow_vdd1v0 
AOI21X1            1    1.710    slow_vdd1v0 
AOI21XL            3    5.130    slow_vdd1v0 
AOI22X1            6   12.312    slow_vdd1v0 
AOI31X1            1    2.052    slow_vdd1v0 
AOI32X1            1    2.394    slow_vdd1v0 
DFFHQX1           13   71.136    slow_vdd1v0 
DFFQXL             1    5.472    slow_vdd1v0 
INVX1              6    4.104    slow_vdd1v0 
NAND2BX1           1    1.368    slow_vdd1v0 
NAND2X1           11   11.286    slow_vdd1v0 
NAND4XL            1    1.710    slow_vdd1v0 
NOR2BX1            1    1.368    slow_vdd1v0 
NOR2X1             9    9.234    slow_vdd1v0 
NOR2XL             1    1.026    slow_vdd1v0 
OAI211X1           5    8.550    slow_vdd1v0 
OAI2BB1X1          2    3.420    slow_vdd1v0 
OR2X1              1    1.368    slow_vdd1v0 
SDFFQX1            4   30.096    slow_vdd1v0 
XNOR2X1            2    4.788    slow_vdd1v0 
---------------------------------------------
total             76  200.412                


                                        
     Type      Instances   Area  Area % 
----------------------------------------
sequential            18 106.704   53.2 
inverter               6   4.104    2.0 
logic                 52  89.604   44.7 
physical_cells         0   0.000    0.0 
----------------------------------------
total                 76 200.412  100.0 

