============================================================
  Generated by:           Genus(TM) Synthesis Solution 20.11-s111_1
  Generated on:           Sep 06 2026  01:57:51 pm
  Module:                 top
  Operating conditions:   PVT_0P9V_125C (balanced_tree)
  Wireload mode:          enclosed
  Area mode:              timing library
============================================================

Timing
--------

Clock Period 
-------------
clk   1400.0 


  Cost    Critical         Violating 
 Group   Path Slack  TNS     Paths   
-------------------------------------
clk            11.0   0.0          0 
default    No paths   0.0            
-------------------------------------
Total                 0.0          0 

Instance Count
--------------
Leaf Instance Count             84 
Physical Instance count          0 
Sequential Instance Count       18 
Combinational Instance Count    66 
Hierarchical Instance Count      0 

Area
----
Cell Area                          204.858
Physical Cell Area                 0.000
Total Cell Area (Cell+Physical)    204.858
Net Area                           0.000
Total Area (Cell+Physical+Net)     204.858

Max Fanout                         18 (clk)
Min Fanout                         1 (n_0)
Average Fanout                     2.3
Terms to net ratio                 3.0521
Terms to instance ratio            3.4881
Runtime                            4.82474 seconds
Elapsed Runtime                    16 seconds
Genus peak memory usage            1083.38 
Innovus peak memory usage          no_value 
Hostname                           l213.c2slab.iiitdm.ac.in
