============================================================
  Generated by:           Genus(TM) Synthesis Solution 20.11-s111_1
  Generated on:           Sep 06 2026  04:13:07 pm
  Module:                 top
  Operating conditions:   PVT_0P9V_125C (balanced_tree)
  Wireload mode:          enclosed
  Area mode:              timing library
============================================================


Path 1: MET (3306 ps) Setup Check with Pin u_datapath_accumulated_prod_reg[7]/CK->D
          Group: clk
     Startpoint: (R) u_datapath_working_multiplicand_reg[0]/CK
          Clock: (R) clk
       Endpoint: (R) u_datapath_accumulated_prod_reg[7]/D
          Clock: (R) clk

                     Capture       Launch     
        Clock Edge:+    5000            0     
       Src Latency:+       0            0     
       Net Latency:+       0 (I)        0 (I) 
           Arrival:=    5000            0     
                                              
             Setup:-     130                  
       Uncertainty:-     100                  
     Required Time:=    4770                  
      Launch Clock:-       0                  
         Data Path:-    1465                  
             Slack:=    3306                  

#-------------------------------------------------------------------------------------------------------------------
#               Timing Point                Flags    Arc   Edge   Cell     Fanout Load Trans Delay Arrival Instance 
#                                                                                 (fF)  (ps)  (ps)   (ps)  Location 
#-------------------------------------------------------------------------------------------------------------------
  u_datapath_working_multiplicand_reg[0]/CK -       -      R     (arrival)     18    -     0     0       0    (-,-) 
  u_datapath_working_multiplicand_reg[0]/Q  -       CK->Q  R     SDFFQX1        3  1.0    33   180     180    (-,-) 
  g1315__6161/Y                             -       A->Y   F     NAND2X1        2  0.7    74    76     256    (-,-) 
  g1304/Y                                   -       A->Y   R     INVX1          1  0.6    32    57     313    (-,-) 
  g1295__2802/CO                            -       CI->CO R     ADDFX1         1  0.6    39   183     495    (-,-) 
  g1285__9945/CO                            -       CI->CO R     ADDFX1         1  0.6    39   186     681    (-,-) 
  g1264__1881/CO                            -       CI->CO R     ADDFX1         3  1.0    47   191     872    (-,-) 
  g1262__7098/Y                             -       D->Y   F     NAND4XL        1  0.2   178   143    1015    (-,-) 
  g1258__1617/Y                             -       A->Y   R     XNOR2X1        1  0.4    26   259    1274    (-,-) 
  g1252__8428/Y                             -       A0->Y  F     AOI22X1        1  0.3   115   101    1375    (-,-) 
  g1250__6260/Y                             -       B->Y   R     NOR2X1         1  0.3    50    90    1465    (-,-) 
  u_datapath_accumulated_prod_reg[7]/D      <<<     -      R     DFFHQX1        1    -     -     0    1465    (-,-) 
#-------------------------------------------------------------------------------------------------------------------

