============================================================
  Generated by:           Genus(TM) Synthesis Solution 20.11-s111_1
  Generated on:           Sep 06 2026  04:13:54 pm
  Module:                 top
  Operating conditions:   PVT_0P9V_125C (balanced_tree)
  Wireload mode:          enclosed
  Area mode:              timing library
============================================================

Timing
--------

Clock Period 
-------------
clk   5000.0 


  Cost    Critical         Violating 
 Group   Path Slack  TNS     Paths   
-------------------------------------
clk          3205.9   0.0          0 
default    No paths   0.0            
-------------------------------------
Total                 0.0          0 

Instance Count
--------------
Leaf Instance Count             76 
Physical Instance count          0 
Sequential Instance Count       18 
Combinational Instance Count    58 
Hierarchical Instance Count      0 

Area
----
Cell Area                          200.412
Physical Cell Area                 0.000
Total Cell Area (Cell+Physical)    200.412
Net Area                           0.000
Total Area (Cell+Physical+Net)     200.412

Max Fanout                         18 (clk)
Min Fanout                         1 (mult_complete)
Average Fanout                     2.3
Terms to net ratio                 3.0444
Terms to instance ratio            3.6053
Runtime                            4.863202 seconds
Elapsed Runtime                    43 seconds
Genus peak memory usage            1075.31 
Innovus peak memory usage          no_value 
Hostname                           l213.c2slab.iiitdm.ac.in
