============================================================
  Generated by:           Genus(TM) Synthesis Solution 20.11-s111_1
  Generated on:           Sep 14 2026  04:22:33 pm
  Module:                 top
  Operating conditions:   PVT_0P9V_125C (balanced_tree)
  Wireload mode:          enclosed
  Area mode:              timing library
============================================================


Path 1: MET (3184 ps) Setup Check with Pin u_datapath_accumulated_prod_reg[7]/CK->D
          Group: clk
     Startpoint: (R) u_datapath_working_multiplicand_reg[0]/CK
          Clock: (R) clk
       Endpoint: (R) u_datapath_accumulated_prod_reg[7]/D
          Clock: (R) clk

                     Capture       Launch     
        Clock Edge:+    5000            0     
       Src Latency:+       0            0     
       Net Latency:+       0 (I)        0 (I) 
           Arrival:=    5000            0     
                                              
             Setup:-     116                  
       Uncertainty:-     300                  
     Required Time:=    4584                  
      Launch Clock:-       0                  
         Data Path:-    1400                  
             Slack:=    3184                  

#-------------------------------------------------------------------------------------------------------------------
#               Timing Point                Flags    Arc   Edge   Cell     Fanout Load Trans Delay Arrival Instance 
#                                                                                 (fF)  (ps)  (ps)   (ps)  Location 
#-------------------------------------------------------------------------------------------------------------------
  u_datapath_working_multiplicand_reg[0]/CK -       -      R     (arrival)      4    -     0     0       0    (-,-) 
  u_datapath_working_multiplicand_reg[0]/Q  -       CK->Q  R     DFFQXL         2  0.6    32   170     170    (-,-) 
  g1068__6260/Y                             -       A->Y   R     AND2XL         2  1.0    49   128     298    (-,-) 
  g1052__9945/CO                            -       CI->CO R     ADDFX1         1  0.6    39   191     489    (-,-) 
  g1049__6161/CO                            -       CI->CO R     ADDFX1         1  0.6    39   186     675    (-,-) 
  g1046__7482/CO                            -       CI->CO R     ADDFX1         2  0.8    43   188     863    (-,-) 
  g1045__5115/Y                             -       B->Y   F     NAND2X1        3  0.8    80    77     940    (-,-) 
  g1040__8246/Y                             -       B->Y   R     NOR2X1         3  1.0    76    88    1028    (-,-) 
  g1037__1705/Y                             -       B->Y   F     NAND2X1        2  0.7    78    92    1120    (-,-) 
  g1033__1617/Y                             -       B->Y   R     XNOR2X1        1  0.2    22   179    1300    (-,-) 
  g1031__3680/Y                             -       B->Y   R     AND2XL         1  0.3    23   100    1400    (-,-) 
  u_datapath_accumulated_prod_reg[7]/D      <<<     -      R     DFFHQX1        1    -     -     0    1400    (-,-) 
#-------------------------------------------------------------------------------------------------------------------

