============================================================
  Generated by:           Genus(TM) Synthesis Solution 20.11-s111_1
  Generated on:           Sep 14 2026  04:22:33 pm
  Module:                 top
  Operating conditions:   PVT_0P9V_125C (balanced_tree)
  Wireload mode:          enclosed
  Area mode:              timing library
============================================================

                                
    Gate     Instances   Area       Library    
-----------------------------------------------
ADDFX1               3   15.390    slow_vdd1v0 
AND2XL               3    4.104    slow_vdd1v0 
AOI211XL             1    2.052    slow_vdd1v0 
AOI31X1              2    4.104    slow_vdd1v0 
DFFHQX1             13   71.136    slow_vdd1v0 
DFFQXL               1    5.472    slow_vdd1v0 
INVX1                4    2.736    slow_vdd1v0 
INVXL                1    0.684    slow_vdd1v0 
NAND2BX1             2    2.736    slow_vdd1v0 
NAND2X1              3    3.078    slow_vdd1v0 
NOR2BX1              3    4.104    slow_vdd1v0 
NOR2X1               6    6.156    slow_vdd1v0 
NOR3X1               1    1.710    slow_vdd1v0 
OAI211X1             1    1.710    slow_vdd1v0 
OAI21X1              2    3.420    slow_vdd1v0 
OAI2BB1X1            3    5.130    slow_vdd1v0 
OR2X1                2    2.736    slow_vdd1v0 
SDFFQX1              4   30.096    slow_vdd1v0 
TLATNTSCAX2          2   12.996    slow_vdd1v0 
XNOR2X1              1    2.394    slow_vdd1v0 
-----------------------------------------------
total               58  181.944                


                                                      
            Type             Instances   Area  Area % 
------------------------------------------------------
sequential                          18 106.704   58.6 
inverter                             5   3.420    1.9 
clock_gating_integrated_cell         2  12.996    7.1 
logic                               33  58.824   32.3 
physical_cells                       0   0.000    0.0 
------------------------------------------------------
total                               58 181.944  100.0 

