============================================================
  Generated by:           Genus(TM) Synthesis Solution 20.11-s111_1
  Generated on:           Sep 14 2026  04:22:33 pm
  Module:                 top
  Operating conditions:   PVT_0P9V_125C (balanced_tree)
  Wireload mode:          enclosed
  Area mode:              timing library
============================================================

Timing
--------

Clock Period 
-------------
clk   5000.0 


        Cost          Critical         Violating 
       Group         Path Slack  TNS     Paths   
-------------------------------------------------
cg_enable_group_clk      3999.2   0.0          0 
clk                      3184.0   0.0          0 
default                No paths   0.0            
-------------------------------------------------
Total                             0.0          0 

Instance Count
--------------
Leaf Instance Count             58 
Physical Instance count          0 
Sequential Instance Count       20 
Combinational Instance Count    38 
Hierarchical Instance Count      2 

Area
----
Cell Area                          181.944
Physical Cell Area                 0.000
Total Cell Area (Cell+Physical)    181.944
Net Area                           0.000
Total Area (Cell+Physical+Net)     181.944

Max Fanout                         12 (rc_gclk)
Min Fanout                         0 (RC_CG_DECLONE_HIER_INST/test)
Average Fanout                     2.0
Terms to net ratio                 2.7162
Terms to instance ratio            3.4655
Runtime                            4.910519 seconds
Elapsed Runtime                    10 seconds
Genus peak memory usage            1079.09 
Innovus peak memory usage          no_value 
Hostname                           l213.c2slab.iiitdm.ac.in
