============================================================
  Generated by:           Genus(TM) Synthesis Solution 20.11-s111_1
  Generated on:           Sep 06 2026  01:56:11 pm
  Module:                 top
  Operating conditions:   PVT_0P9V_125C (balanced_tree)
  Wireload mode:          enclosed
  Area mode:              timing library
============================================================

Timing
--------

Clock Period 
-------------
clk   3000.0 


  Cost    Critical         Violating 
 Group   Path Slack  TNS     Paths   
-------------------------------------
clk          1279.5   0.0          0 
default    No paths   0.0            
-------------------------------------
Total                 0.0          0 

Instance Count
--------------
Leaf Instance Count             76 
Physical Instance count          0 
Sequential Instance Count       18 
Combinational Instance Count    58 
Hierarchical Instance Count      0 

Area
----
Cell Area                          200.070
Physical Cell Area                 0.000
Total Cell Area (Cell+Physical)    200.070
Net Area                           0.000
Total Area (Cell+Physical+Net)     200.070

Max Fanout                         18 (clk)
Min Fanout                         1 (mult_complete)
Average Fanout                     2.2
Terms to net ratio                 3.0222
Terms to instance ratio            3.5789
Runtime                            4.867465 seconds
Elapsed Runtime                    29 seconds
Genus peak memory usage            1084.30 
Innovus peak memory usage          no_value 
Hostname                           l213.c2slab.iiitdm.ac.in
