============================================================
  Generated by:           Genus(TM) Synthesis Solution 20.11-s111_1
  Generated on:           Sep 06 2026  01:58:32 pm
  Module:                 top
  Operating conditions:   PVT_0P9V_125C (balanced_tree)
  Wireload mode:          enclosed
  Area mode:              timing library
============================================================


Path 1: MET (95 ps) Setup Check with Pin u_datapath_accumulated_prod_reg[6]/CK->D
          Group: clk
     Startpoint: (R) u_datapath_loop_counter_reg[1]/CK
          Clock: (R) clk
       Endpoint: (R) u_datapath_accumulated_prod_reg[6]/D
          Clock: (R) clk

                     Capture       Launch     
        Clock Edge:+    1300            0     
       Src Latency:+       0            0     
       Net Latency:+       0 (I)        0 (I) 
           Arrival:=    1300            0     
                                              
             Setup:-     172                  
       Uncertainty:-      50                  
     Required Time:=    1078                  
      Launch Clock:-       0                  
         Data Path:-     983                  
             Slack:=      95                  

#-------------------------------------------------------------------------------------------------------------
#            Timing Point              Flags   Arc   Edge   Cell     Fanout Load Trans Delay Arrival Instance 
#                                                                           (fF)  (ps)  (ps)   (ps)  Location 
#-------------------------------------------------------------------------------------------------------------
  u_datapath_loop_counter_reg[1]/CK    -       -     R     (arrival)     18    -     0     0       0    (-,-) 
  u_datapath_loop_counter_reg[1]/Q     -       CK->Q F     DFFHQX1        4  1.6    52   212     212    (-,-) 
  g4137__4733/Y                        -       B->Y  R     NOR3X1         3  1.0   118   123     336    (-,-) 
  g4127__2802/Y                        -       AN->Y R     NOR2BX1        2  0.6    53   140     476    (-,-) 
  g4125__6783/Y                        -       AN->Y R     NAND2BX1       8  3.2    86   114     590    (-,-) 
  g4118__2398/Y                        -       B->Y  F     NAND2X1        6  1.9   141   133     723    (-,-) 
  g4080__3680/Y                        -       B0->Y R     OAI21X1        4  1.4   110   107     830    (-,-) 
  g4078__8428/Y                        -       B0->Y F     AOI21X1        1  0.3    71    82     912    (-,-) 
  g4075__2398/Y                        -       B1->Y R     OAI32X1        1  0.2   129    70     983    (-,-) 
  u_datapath_accumulated_prod_reg[6]/D <<<     -     R     DFFQXL         1    -     -     0     983    (-,-) 
#-------------------------------------------------------------------------------------------------------------

