============================================================
  Generated by:           Genus(TM) Synthesis Solution 20.11-s111_1
  Generated on:           Sep 06 2026  01:59:00 pm
  Module:                 top
  Operating conditions:   PVT_0P9V_125C (balanced_tree)
  Wireload mode:          enclosed
  Area mode:              timing library
============================================================


Path 1: MET (6 ps) Setup Check with Pin u_datapath_accumulated_prod_reg[6]/CK->D
          Group: clk
     Startpoint: (R) u_controller_current_state_reg[0]/CK
          Clock: (R) clk
       Endpoint: (F) u_datapath_accumulated_prod_reg[6]/D
          Clock: (R) clk

                     Capture       Launch     
        Clock Edge:+    1000            0     
       Src Latency:+       0            0     
       Net Latency:+       0 (I)        0 (I) 
           Arrival:=    1000            0     
                                              
             Setup:-     111                  
       Uncertainty:-      50                  
     Required Time:=     839                  
      Launch Clock:-       0                  
         Data Path:-     832                  
             Slack:=       6                  

#--------------------------------------------------------------------------------------------------------------
#            Timing Point              Flags    Arc   Edge   Cell     Fanout Load Trans Delay Arrival Instance 
#                                                                            (fF)  (ps)  (ps)   (ps)  Location 
#--------------------------------------------------------------------------------------------------------------
  u_controller_current_state_reg[0]/CK -       -      R     (arrival)     18    -     0     0       0    (-,-) 
  u_controller_current_state_reg[0]/Q  -       CK->Q  R     DFFHQX1        3  1.0    32   179     179    (-,-) 
  g24240/Y                             -       A->Y   F     INVX1          3  1.0    39    42     221    (-,-) 
  g24226__8246/Y                       -       B->Y   R     NOR2X1         6  2.2   124    97     318    (-,-) 
  g24213__5107/Y                       -       A->Y   F     NOR2X1         3  1.0    65   108     426    (-,-) 
  g24193__6131/Y                       -       B0->Y  R     AOI21X1        5  1.6   107   104     529    (-,-) 
  g24167__3680/Y                       -       A0N->Y R     OAI2BB1X1      1  0.4    34   173     703    (-,-) 
  g24136__2398/Y                       -       B0->Y  F     OAI211X1       1  0.2   114   130     832    (-,-) 
  u_datapath_accumulated_prod_reg[6]/D <<<     -      F     DFFQXL         1    -     -     0     832    (-,-) 
#--------------------------------------------------------------------------------------------------------------

