============================================================
  Generated by:           Genus(TM) Synthesis Solution 20.11-s111_1
  Generated on:           Sep 06 2026  01:56:11 pm
  Module:                 top
  Operating conditions:   PVT_0P9V_125C (balanced_tree)
  Wireload mode:          enclosed
  Area mode:              timing library
============================================================


Path 1: MET (1280 ps) Setup Check with Pin u_datapath_accumulated_prod_reg[7]/CK->D
          Group: clk
     Startpoint: (R) u_datapath_working_multiplicand_reg[0]/CK
          Clock: (R) clk
       Endpoint: (R) u_datapath_accumulated_prod_reg[7]/D
          Clock: (R) clk

                     Capture       Launch     
        Clock Edge:+    3000            0     
       Src Latency:+       0            0     
       Net Latency:+       0 (I)        0 (I) 
           Arrival:=    3000            0     
                                              
             Setup:-     129                  
       Uncertainty:-      50                  
     Required Time:=    2821                  
      Launch Clock:-       0                  
         Data Path:-    1541                  
             Slack:=    1280                  

#-------------------------------------------------------------------------------------------------------------------
#               Timing Point                Flags    Arc   Edge   Cell     Fanout Load Trans Delay Arrival Instance 
#                                                                                 (fF)  (ps)  (ps)   (ps)  Location 
#-------------------------------------------------------------------------------------------------------------------
  u_datapath_working_multiplicand_reg[0]/CK -       -      R     (arrival)     18    -     0     0       0    (-,-) 
  u_datapath_working_multiplicand_reg[0]/Q  -       CK->Q  R     SDFFQX1        3  1.0    33   180     180    (-,-) 
  g1303__6161/Y                             -       A->Y   F     NAND2X1        2  0.7    74    76     256    (-,-) 
  g1292/Y                                   -       A->Y   R     INVX1          1  0.6    32    57     313    (-,-) 
  g1283__2802/CO                            -       CI->CO R     ADDFX1         1  0.6    39   183     495    (-,-) 
  g1273__9945/CO                            -       CI->CO R     ADDFX1         1  0.6    39   186     681    (-,-) 
  g1252__1881/CO                            -       CI->CO R     ADDFX1         2  0.8    43   188     870    (-,-) 
  g1250__6131/Y                             -       B->Y   F     NAND2X1        2  0.6    69    71     940    (-,-) 
  g1246/Y                                   -       A->Y   R     INVX1          2  0.8    35    57     997    (-,-) 
  g1245__8246/Y                             -       B->Y   F     NAND2X1        3  0.9    84    75    1072    (-,-) 
  g1241__2802/Y                             -       AN->Y  F     NAND2BX1       1  0.4    59   116    1188    (-,-) 
  g1234__5526/Y                             -       B->Y   R     XNOR2X1        1  0.4    27   174    1362    (-,-) 
  g1232__6260/Y                             -       A1->Y  F     AOI22X1        1  0.3   108    93    1455    (-,-) 
  g1230__2398/Y                             -       B->Y   R     NOR2X1         1  0.3    49    86    1541    (-,-) 
  u_datapath_accumulated_prod_reg[7]/D      <<<     -      R     DFFHQX1        1    -     -     0    1541    (-,-) 
#-------------------------------------------------------------------------------------------------------------------

