============================================================
  Generated by:           Genus(TM) Synthesis Solution 20.11-s111_1
  Generated on:           Sep 06 2026  01:57:51 pm
  Module:                 top
  Operating conditions:   PVT_0P9V_125C (balanced_tree)
  Wireload mode:          enclosed
  Area mode:              timing library
============================================================


Path 1: MET (11 ps) Setup Check with Pin u_datapath_accumulated_prod_reg[7]/CK->D
          Group: clk
     Startpoint: (R) u_datapath_working_multiplicand_reg[0]/CK
          Clock: (R) clk
       Endpoint: (R) u_datapath_accumulated_prod_reg[7]/D
          Clock: (R) clk

                     Capture       Launch     
        Clock Edge:+    1400            0     
       Src Latency:+       0            0     
       Net Latency:+       0 (I)        0 (I) 
           Arrival:=    1400            0     
                                              
             Setup:-     119                  
       Uncertainty:-      50                  
     Required Time:=    1231                  
      Launch Clock:-       0                  
         Data Path:-    1220                  
             Slack:=      11                  

#-------------------------------------------------------------------------------------------------------------------
#               Timing Point                Flags    Arc   Edge   Cell     Fanout Load Trans Delay Arrival Instance 
#                                                                                 (fF)  (ps)  (ps)   (ps)  Location 
#-------------------------------------------------------------------------------------------------------------------
  u_datapath_working_multiplicand_reg[0]/CK -       -      R     (arrival)     18    -     0     0       0    (-,-) 
  u_datapath_working_multiplicand_reg[0]/Q  -       CK->Q  R     SDFFQX1        3  1.0    33   180     180    (-,-) 
  g1164__4319/Y                             -       A->Y   F     NAND2X1        3  1.0    89    85     265    (-,-) 
  g1142__1881/Y                             -       A0->Y  R     OAI21X1        2  0.6    69   105     370    (-,-) 
  g1136/Y                                   -       A->Y   F     INVX1          1  0.4    31    57     427    (-,-) 
  g1128__3680/Y                             -       A1->Y  R     OAI21X1        1  0.6    67    66     492    (-,-) 
  g1102__5115/CO                            -       CI->CO R     ADDFX1         3  1.2    51   207     700    (-,-) 
  g1100__8246/Y                             -       D->Y   F     NAND4X1        1  0.4   171   140     840    (-,-) 
  g1097__5526/Y                             -       B->Y   R     XNOR2X1        1  0.2    23   216    1056    (-,-) 
  g2/Y                                      -       A1->Y  R     AO22XL         1  0.3    28   165    1220    (-,-) 
  u_datapath_accumulated_prod_reg[7]/D      <<<     -      R     DFFHQX1        1    -     -     0    1220    (-,-) 
#-------------------------------------------------------------------------------------------------------------------

