============================================================
  Generated by:           Genus(TM) Synthesis Solution 20.11-s111_1
  Generated on:           Sep 06 2026  01:57:25 pm
  Module:                 top
  Operating conditions:   PVT_0P9V_125C (balanced_tree)
  Wireload mode:          enclosed
  Area mode:              timing library
============================================================


Path 1: MET (42 ps) Setup Check with Pin u_datapath_accumulated_prod_reg[7]/CK->D
          Group: clk
     Startpoint: (R) u_datapath_working_multiplicand_reg[0]/CK
          Clock: (R) clk
       Endpoint: (R) u_datapath_accumulated_prod_reg[7]/D
          Clock: (R) clk

                     Capture       Launch     
        Clock Edge:+    1500            0     
       Src Latency:+       0            0     
       Net Latency:+       0 (I)        0 (I) 
           Arrival:=    1500            0     
                                              
             Setup:-     129                  
       Uncertainty:-      50                  
     Required Time:=    1321                  
      Launch Clock:-       0                  
         Data Path:-    1279                  
             Slack:=      42                  

#-------------------------------------------------------------------------------------------------------------------
#               Timing Point                Flags    Arc   Edge   Cell     Fanout Load Trans Delay Arrival Instance 
#                                                                                 (fF)  (ps)  (ps)   (ps)  Location 
#-------------------------------------------------------------------------------------------------------------------
  u_datapath_working_multiplicand_reg[0]/CK -       -      R     (arrival)     18    -     0     0       0    (-,-) 
  u_datapath_working_multiplicand_reg[0]/Q  -       CK->Q  R     SDFFQX1        3  1.0    33   180     180    (-,-) 
  g1445__5477/Y                             -       A->Y   F     NAND2X1        3  1.0    89    85     265    (-,-) 
  g1422__5115/Y                             -       A0->Y  R     OAI21X1        2  0.4    61   100     365    (-,-) 
  g1409__5122/Y                             -       A1N->Y R     OAI2BB1X1      1  0.6    41   142     506    (-,-) 
  g1384__9945/CO                            -       CI->CO R     ADDFX1         3  1.0    47   192     698    (-,-) 
  g1382__5115/Y                             -       D->Y   F     NAND4XL        1  0.4   218   166     864    (-,-) 
  g1379__1617/Y                             -       B->Y   R     XNOR2X1        1  0.4    27   237    1102    (-,-) 
  g1373__8428/Y                             -       A1->Y  F     AOI22X1        1  0.3   108    93    1195    (-,-) 
  g1371__5107/Y                             -       B->Y   R     NOR2X1         1  0.2    45    84    1279    (-,-) 
  u_datapath_accumulated_prod_reg[7]/D      <<<     -      R     DFFQXL         1    -     -     0    1279    (-,-) 
#-------------------------------------------------------------------------------------------------------------------

