This is pdfTeX, Version 3.141592653-2.6-1.40.28 (MiKTeX 25.12) (preloaded format=pdflatex 2026.9.11)  5 OCT 2026 19:34
entering extended mode
 restricted \write18 enabled.
 %&-line parsing enabled.
**./lab5_report.tex
(lab5_report.tex
LaTeX2e <2025-11-01>
L3 programming layer <2025-12-24>
(C:\Users\ragha\AppData\Local\Programs\MiKTeX\tex/latex/base\article.cls
Document Class: article 2025/01/22 v1.4n Standard LaTeX document class
(C:\Users\ragha\AppData\Local\Programs\MiKTeX\tex/latex/base\size12.clo
File: size12.clo 2025/01/22 v1.4n Standard LaTeX file (size option)
)
\c@part=\count275
\c@section=\count276
\c@subsection=\count277
\c@subsubsection=\count278
\c@paragraph=\count279
\c@subparagraph=\count280
\c@figure=\count281
\c@table=\count282
\abovecaptionskip=\skip49
\belowcaptionskip=\skip50
\bibindent=\dimen148
)
(C:\Users\ragha\AppData\Local\Programs\MiKTeX\tex/latex/graphics\graphicx.sty
Package: graphicx 2024/12/31 v1.2e Enhanced LaTeX Graphics (DPC,SPQR)

(C:\Users\ragha\AppData\Local\Programs\MiKTeX\tex/latex/graphics\keyval.sty
Package: keyval 2022/05/29 v1.15 key=value parser (DPC)
\KV@toks@=\toks17
)
(C:\Users\ragha\AppData\Local\Programs\MiKTeX\tex/latex/graphics\graphics.sty
Package: graphics 2024/08/06 v1.4g Standard LaTeX Graphics (DPC,SPQR)

(C:\Users\ragha\AppData\Local\Programs\MiKTeX\tex/latex/graphics\trig.sty
Package: trig 2023/12/02 v1.11 sin cos tan (DPC)
)
(C:\Users\ragha\AppData\Local\Programs\MiKTeX\tex/latex/graphics-cfg\graphics.c
fg
File: graphics.cfg 2016/06/04 v1.11 sample graphics configuration
)
Package graphics Info: Driver file: pdftex.def on input line 106.

(C:\Users\ragha\AppData\Local\Programs\MiKTeX\tex/latex/graphics-def\pdftex.def
File: pdftex.def 2025/09/29 v1.2d Graphics/color driver for pdftex
))
\Gin@req@height=\dimen149
\Gin@req@width=\dimen150
)
(C:\Users\ragha\AppData\Local\Programs\MiKTeX\tex/latex/geometry\geometry.sty
Package: geometry 2026/03/07 v6.0 Page Geometry

(C:\Users\ragha\AppData\Local\Programs\MiKTeX\tex/generic/iftex\ifvtex.sty
Package: ifvtex 2019/10/25 v1.7 ifvtex legacy package. Use iftex instead.

(C:\Users\ragha\AppData\Local\Programs\MiKTeX\tex/generic/iftex\iftex.sty
Package: iftex 2024/12/12 v1.0g TeX engine tests
))
\Gm@cnth=\count283
\Gm@cntv=\count284
\c@Gm@tempcnt=\count285
\Gm@bindingoffset=\dimen151
\Gm@wd@mp=\dimen152
\Gm@odd@mp=\dimen153
\Gm@even@mp=\dimen154
\Gm@layoutwidth=\dimen155
\Gm@layoutheight=\dimen156
\Gm@layouthoffset=\dimen157
\Gm@layoutvoffset=\dimen158
\Gm@dimlist=\toks18

(C:\Users\ragha\AppData\Local\Programs\MiKTeX\tex/latex/geometry\geometry.cfg))
(C:\Users\ragha\AppData\Local\Programs\MiKTeX\tex/latex/listings\listings.sty
\lst@mode=\count286
\lst@gtempboxa=\box53
\lst@token=\toks19
\lst@length=\count287
\lst@currlwidth=\dimen159
\lst@column=\count288
\lst@pos=\count289
\lst@lostspace=\dimen160
\lst@width=\dimen161
\lst@newlines=\count290
\lst@lineno=\count291
\lst@maxwidth=\dimen162

(C:\Users\ragha\AppData\Local\Programs\MiKTeX\tex/latex/listings\lstpatch.sty
File: lstpatch.sty 2025/11/14 1.11b (Carsten Heinz)
)
(C:\Users\ragha\AppData\Local\Programs\MiKTeX\tex/latex/listings\lstmisc.sty
File: lstmisc.sty 2025/11/14 1.11b (Carsten Heinz)
\c@lstnumber=\count292
\lst@skipnumbers=\count293
\lst@framebox=\box54
)
(C:\Users\ragha\AppData\Local\Programs\MiKTeX\tex/latex/listings\listings.cfg
File: listings.cfg 2025/11/14 1.11b listings configuration
))
Package: listings 2025/11/14 1.11b (Carsten Heinz)
==> First Aid for listings.sty no longer applied!
    Expected:
        2024/09/23 1.10c (Carsten Heinz)
    but found:
        2025/11/14 1.11b (Carsten Heinz)
    so I'm assuming it got fixed.
(C:\Users\ragha\AppData\Local\Programs\MiKTeX\tex/latex/xcolor\xcolor.sty
Package: xcolor 2024/09/29 v3.02 LaTeX color extensions (UK)

(C:\Users\ragha\AppData\Local\Programs\MiKTeX\tex/latex/graphics-cfg\color.cfg
File: color.cfg 2016/01/02 v1.6 sample color configuration
)
Package xcolor Info: Driver file: pdftex.def on input line 274.
(C:\Users\ragha\AppData\Local\Programs\MiKTeX\tex/latex/graphics\mathcolor.ltx)
Package xcolor Info: Model `cmy' substituted by `cmy0' on input line 1349.
Package xcolor Info: Model `hsb' substituted by `rgb' on input line 1353.
Package xcolor Info: Model `RGB' extended on input line 1365.
Package xcolor Info: Model `HTML' substituted by `rgb' on input line 1367.
Package xcolor Info: Model `Hsb' substituted by `hsb' on input line 1368.
Package xcolor Info: Model `tHsb' substituted by `hsb' on input line 1369.
Package xcolor Info: Model `HSB' substituted by `hsb' on input line 1370.
Package xcolor Info: Model `Gray' substituted by `gray' on input line 1371.
Package xcolor Info: Model `wave' substituted by `hsb' on input line 1372.
) (C:\Users\ragha\AppData\Local\Programs\MiKTeX\tex/latex/float\float.sty
Package: float 2001/11/08 v1.3d Float enhancements (AL)
\c@float@type=\count294
\float@exts=\toks20
\float@box=\box55
\@float@everytoks=\toks21
\@floatcapt=\box56
)
(C:\Users\ragha\AppData\Local\Programs\MiKTeX\tex/latex/l3backend\l3backend-pdf
tex.def
File: l3backend-pdftex.def 2025-10-09 L3 backend support: PDF output (pdfTeX)
\l__color_backend_stack_int=\count295
) (lab5_report.aux)
\openout1 = `lab5_report.aux'.

LaTeX Font Info:    Checking defaults for OML/cmm/m/it on input line 39.
LaTeX Font Info:    ... okay on input line 39.
LaTeX Font Info:    Checking defaults for OMS/cmsy/m/n on input line 39.
LaTeX Font Info:    ... okay on input line 39.
LaTeX Font Info:    Checking defaults for OT1/cmr/m/n on input line 39.
LaTeX Font Info:    ... okay on input line 39.
LaTeX Font Info:    Checking defaults for T1/cmr/m/n on input line 39.
LaTeX Font Info:    ... okay on input line 39.
LaTeX Font Info:    Checking defaults for TS1/cmr/m/n on input line 39.
LaTeX Font Info:    ... okay on input line 39.
LaTeX Font Info:    Checking defaults for OMX/cmex/m/n on input line 39.
LaTeX Font Info:    ... okay on input line 39.
LaTeX Font Info:    Checking defaults for U/cmr/m/n on input line 39.
LaTeX Font Info:    ... okay on input line 39.

(C:\Users\ragha\AppData\Local\Programs\MiKTeX\tex/context/base/mkii\supp-pdf.mk
ii
[Loading MPS to PDF converter (version 2006.09.02).]
\scratchcounter=\count296
\scratchdimen=\dimen163
\scratchbox=\box57
\nofMPsegments=\count297
\nofMParguments=\count298
\everyMPshowfont=\toks22
\MPscratchCnt=\count299
\MPscratchDim=\dimen164
\MPnumerator=\count300
\makeMPintoPDFobject=\count301
\everyMPtoPDFconversion=\toks23
)
(C:\Users\ragha\AppData\Local\Programs\MiKTeX\tex/latex/epstopdf-pkg\epstopdf-b
ase.sty
Package: epstopdf-base 2020-01-24 v2.11 Base part for package epstopdf
Package epstopdf-base Info: Redefining graphics rule for `.eps' on input line 4
85.

(C:\Users\ragha\AppData\Local\Programs\MiKTeX\tex/latex/00miktex\epstopdf-sys.c
fg
File: epstopdf-sys.cfg 2021/03/18 v2.0 Configuration of epstopdf for MiKTeX
))
*geometry* driver: auto-detecting
*geometry* detected driver: pdftex
*geometry* verbose mode - [ preamble ] result:
* driver: pdftex
* paper: a4paper
* layout: <same size as paper>
* layoutoffset:(h,v)=(0.0pt,0.0pt)
* modes: 
* h-part:(L,W,R)=(72.26999pt, 452.9679pt, 72.26999pt)
* v-part:(T,H,B)=(72.26999pt, 700.50687pt, 72.26999pt)
* \paperwidth=597.50787pt
* \paperheight=845.04684pt
* \textwidth=452.9679pt
* \textheight=700.50687pt
* \oddsidemargin=0.0pt
* \evensidemargin=0.0pt
* \topmargin=-37.0pt
* \headheight=12.0pt
* \headsep=25.0pt
* \topskip=12.0pt
* \footskip=30.0pt
* \marginparwidth=44.0pt
* \marginparsep=10.0pt
* \columnsep=10.0pt
* \skip\footins=10.8pt plus 4.0pt minus 2.0pt
* \hoffset=0.0pt
* \voffset=0.0pt
* \mag=1000
* \@twocolumnfalse
* \@twosidefalse
* \@mparswitchfalse
* \@reversemarginfalse
* (1in=72.27pt=25.4mm, 1cm=28.453pt)

\c@lstlisting=\count302
LaTeX Font Info:    External font `cmex10' loaded for size
(Font)              <14.4> on input line 41.
LaTeX Font Info:    External font `cmex10' loaded for size
(Font)              <7> on input line 41.
(lab5_report.toc)
\tf@toc=\write3
\openout3 = `lab5_report.toc'.

 [1

{C:/Users/ragha/AppData/Local/MiKTeX/fonts/map/pdftex/pdftex.map}]
<Lab5_LEC_Exercises/Task1/ouput_task1.png, id=8, 1539.95325pt x 865.43324pt>
File: Lab5_LEC_Exercises/Task1/ouput_task1.png Graphic file (type png)
<use Lab5_LEC_Exercises/Task1/ouput_task1.png>
Package pdftex.def Info: Lab5_LEC_Exercises/Task1/ouput_task1.png  used on inpu
t line 57.
(pdftex.def)             Requested size: 362.37569pt x 203.64095pt.

(C:\Users\ragha\AppData\Local\Programs\MiKTeX\tex/latex/listings\lstlang1.sty
File: lstlang1.sty 2025/11/14 1.11b listings language file
)
(C:\Users\ragha\AppData\Local\Programs\MiKTeX\tex/latex/listings\lstlang2.sty
File: lstlang2.sty 2025/11/14 1.11b listings language file
)
(C:\Users\ragha\AppData\Local\Programs\MiKTeX\tex/latex/listings\lstlang3.sty
File: lstlang3.sty 2025/11/14 1.11b listings language file
)
<Lab5_LEC_Exercises/Task2/output_taks2.png, id=10, 1539.95325pt x 865.43324pt>
File: Lab5_LEC_Exercises/Task2/output_taks2.png Graphic file (type png)
<use Lab5_LEC_Exercises/Task2/output_taks2.png>
Package pdftex.def Info: Lab5_LEC_Exercises/Task2/output_taks2.png  used on inp
ut line 81.
(pdftex.def)             Requested size: 362.37569pt x 203.64095pt.

[2 <./Lab5_LEC_Exercises/Task1/ouput_task1.png>]
<Lab5_LEC_Exercises/Task3/output_task_3_golden.png, id=18, 1539.95325pt x 865.4
3324pt>
File: Lab5_LEC_Exercises/Task3/output_task_3_golden.png Graphic file (type png)

<use Lab5_LEC_Exercises/Task3/output_task_3_golden.png>
Package pdftex.def Info: Lab5_LEC_Exercises/Task3/output_task_3_golden.png  use
d on input line 95.
(pdftex.def)             Requested size: 362.37569pt x 203.64095pt.
<Lab5_LEC_Exercises/Task3/output_task_3_revised.png, id=19, 1539.95325pt x 865.
43324pt>
File: Lab5_LEC_Exercises/Task3/output_task_3_revised.png Graphic file (type png
)
<use Lab5_LEC_Exercises/Task3/output_task_3_revised.png>
Package pdftex.def Info: Lab5_LEC_Exercises/Task3/output_task_3_revised.png  us
ed on input line 100.
(pdftex.def)             Requested size: 362.37569pt x 203.64095pt.
 [3 <./Lab5_LEC_Exercises/Task2/output_taks2.png> <./Lab5_LEC_Exercises/Task3/o
utput_task_3_golden.png>]
<Lab5_LEC_Exercises/Task3/output_task_3_lec_passed.png, id=25, 1539.95325pt x 8
65.43324pt>
File: Lab5_LEC_Exercises/Task3/output_task_3_lec_passed.png Graphic file (type 
png)
<use Lab5_LEC_Exercises/Task3/output_task_3_lec_passed.png>
Package pdftex.def Info: Lab5_LEC_Exercises/Task3/output_task_3_lec_passed.png 
 used on input line 115.
(pdftex.def)             Requested size: 362.37569pt x 203.64095pt.
<Lab5_LEC_Exercises/Task4/output_task4.png, id=26, 1539.95325pt x 865.43324pt>
File: Lab5_LEC_Exercises/Task4/output_task4.png Graphic file (type png)
<use Lab5_LEC_Exercises/Task4/output_task4.png>
Package pdftex.def Info: Lab5_LEC_Exercises/Task4/output_task4.png  used on inp
ut line 129.
(pdftex.def)             Requested size: 362.37569pt x 203.64095pt.

[4 <./Lab5_LEC_Exercises/Task3/output_task_3_revised.png> <./Lab5_LEC_Exercises
/Task3/output_task_3_lec_passed.png>]
<Lab5_LEC_Exercises/Task4/golden_revised_comparion_task4.png, id=32, 1539.95325
pt x 865.43324pt>
File: Lab5_LEC_Exercises/Task4/golden_revised_comparion_task4.png Graphic file 
(type png)
<use Lab5_LEC_Exercises/Task4/golden_revised_comparion_task4.png>
Package pdftex.def Info: Lab5_LEC_Exercises/Task4/golden_revised_comparion_task
4.png  used on input line 135.
(pdftex.def)             Requested size: 362.37569pt x 203.64095pt.
<Lab5_LEC_Exercises/Task4/output_task4_after_correction.png, id=33, 1539.95325p
t x 865.43324pt>
File: Lab5_LEC_Exercises/Task4/output_task4_after_correction.png Graphic file (
type png)
<use Lab5_LEC_Exercises/Task4/output_task4_after_correction.png>
Package pdftex.def Info: Lab5_LEC_Exercises/Task4/output_task4_after_correction
.png  used on input line 148.
(pdftex.def)             Requested size: 362.37569pt x 203.64095pt.
 [5 <./Lab5_LEC_Exercises/Task4/output_task4.png> <./Lab5_LEC_Exercises/Task4/g
olden_revised_comparion_task4.png>]
<Lab5_LEC_Exercises/Task5/output_task5.png, id=39, 1539.95325pt x 865.43324pt>
File: Lab5_LEC_Exercises/Task5/output_task5.png Graphic file (type png)
<use Lab5_LEC_Exercises/Task5/output_task5.png>
Package pdftex.def Info: Lab5_LEC_Exercises/Task5/output_task5.png  used on inp
ut line 162.
(pdftex.def)             Requested size: 362.37569pt x 203.64095pt.
<Lab5_LEC_Exercises/Task5/mapping_magaer_task5.png, id=40, 1539.95325pt x 865.4
3324pt>
File: Lab5_LEC_Exercises/Task5/mapping_magaer_task5.png Graphic file (type png)

<use Lab5_LEC_Exercises/Task5/mapping_magaer_task5.png>
Package pdftex.def Info: Lab5_LEC_Exercises/Task5/mapping_magaer_task5.png  use
d on input line 167.
(pdftex.def)             Requested size: 362.37569pt x 203.64095pt.
<Lab5_LEC_Exercises/Task5/schematics_task5.png, id=41, 1539.95325pt x 865.43324
pt>
File: Lab5_LEC_Exercises/Task5/schematics_task5.png Graphic file (type png)
<use Lab5_LEC_Exercises/Task5/schematics_task5.png>
Package pdftex.def Info: Lab5_LEC_Exercises/Task5/schematics_task5.png  used on
 input line 172.
(pdftex.def)             Requested size: 362.37569pt x 203.64095pt.

[6 <./Lab5_LEC_Exercises/Task4/output_task4_after_correction.png> <./Lab5_LEC_E
xercises/Task5/output_task5.png>]
<Lab5_LEC_Exercises/Task5/output_after_correction_task5.png, id=47, 1539.95325p
t x 865.43324pt>
File: Lab5_LEC_Exercises/Task5/output_after_correction_task5.png Graphic file (
type png)
<use Lab5_LEC_Exercises/Task5/output_after_correction_task5.png>
Package pdftex.def Info: Lab5_LEC_Exercises/Task5/output_after_correction_task5
.png  used on input line 188.
(pdftex.def)             Requested size: 362.37569pt x 203.64095pt.
 [7 <./Lab5_LEC_Exercises/Task5/mapping_magaer_task5.png> <./Lab5_LEC_Exercises
/Task5/schematics_task5.png>]
<Lab5_LEC_Exercises/Task6/output_task6.png, id=54, 1539.95325pt x 865.43324pt>
File: Lab5_LEC_Exercises/Task6/output_task6.png Graphic file (type png)
<use Lab5_LEC_Exercises/Task6/output_task6.png>
Package pdftex.def Info: Lab5_LEC_Exercises/Task6/output_task6.png  used on inp
ut line 202.
(pdftex.def)             Requested size: 362.37569pt x 203.64095pt.
<Lab5_LEC_Exercises/Task6/mapping_manager_task6.png, id=55, 1539.95325pt x 865.
43324pt>
File: Lab5_LEC_Exercises/Task6/mapping_manager_task6.png Graphic file (type png
)
<use Lab5_LEC_Exercises/Task6/mapping_manager_task6.png>
Package pdftex.def Info: Lab5_LEC_Exercises/Task6/mapping_manager_task6.png  us
ed on input line 207.
(pdftex.def)             Requested size: 362.37569pt x 203.64095pt.
<Lab5_LEC_Exercises/Task6/schematics_task6.png, id=56, 1539.95325pt x 865.43324
pt>
File: Lab5_LEC_Exercises/Task6/schematics_task6.png Graphic file (type png)
<use Lab5_LEC_Exercises/Task6/schematics_task6.png>
Package pdftex.def Info: Lab5_LEC_Exercises/Task6/schematics_task6.png  used on
 input line 212.
(pdftex.def)             Requested size: 362.37569pt x 203.64095pt.
 [8 <./Lab5_LEC_Exercises/Task5/output_after_correction_task5.png> <./Lab5_LEC_
Exercises/Task6/output_task6.png>]
<Lab5_LEC_Exercises/Task6/output_after_correcting_task6.png, id=62, 1539.95325p
t x 865.43324pt>
File: Lab5_LEC_Exercises/Task6/output_after_correcting_task6.png Graphic file (
type png)
<use Lab5_LEC_Exercises/Task6/output_after_correcting_task6.png>
Package pdftex.def Info: Lab5_LEC_Exercises/Task6/output_after_correcting_task6
.png  used on input line 224.
(pdftex.def)             Requested size: 362.37569pt x 203.64095pt.
 [9 <./Lab5_LEC_Exercises/Task6/mapping_manager_task6.png> <./Lab5_LEC_Exercise
s/Task6/schematics_task6.png>]
<Lab5_LEC_Exercises/Task7/output_task7.png, id=68, 1539.95325pt x 865.43324pt>
File: Lab5_LEC_Exercises/Task7/output_task7.png Graphic file (type png)
<use Lab5_LEC_Exercises/Task7/output_task7.png>
Package pdftex.def Info: Lab5_LEC_Exercises/Task7/output_task7.png  used on inp
ut line 238.
(pdftex.def)             Requested size: 362.37569pt x 203.64095pt.
<Lab5_LEC_Exercises/Task7/mapping_manager_task7.png, id=69, 1539.95325pt x 865.
43324pt>
File: Lab5_LEC_Exercises/Task7/mapping_manager_task7.png Graphic file (type png
)
<use Lab5_LEC_Exercises/Task7/mapping_manager_task7.png>
Package pdftex.def Info: Lab5_LEC_Exercises/Task7/mapping_manager_task7.png  us
ed on input line 243.
(pdftex.def)             Requested size: 362.37569pt x 203.64095pt.
<Lab5_LEC_Exercises/Task7/schematic_task7.png, id=70, 1539.95325pt x 865.43324p
t>
File: Lab5_LEC_Exercises/Task7/schematic_task7.png Graphic file (type png)
<use Lab5_LEC_Exercises/Task7/schematic_task7.png>
Package pdftex.def Info: Lab5_LEC_Exercises/Task7/schematic_task7.png  used on 
input line 248.
(pdftex.def)             Requested size: 362.37569pt x 203.64095pt.
 [10 <./Lab5_LEC_Exercises/Task6/output_after_correcting_task6.png> <./Lab5_LEC
_Exercises/Task7/output_task7.png>]
<Lab5_LEC_Exercises/Task7/output_after_correction.png, id=76, 1539.95325pt x 86
5.43324pt>
File: Lab5_LEC_Exercises/Task7/output_after_correction.png Graphic file (type p
ng)
<use Lab5_LEC_Exercises/Task7/output_after_correction.png>
Package pdftex.def Info: Lab5_LEC_Exercises/Task7/output_after_correction.png  
used on input line 261.
(pdftex.def)             Requested size: 362.37569pt x 203.64095pt.
 [11 <./Lab5_LEC_Exercises/Task7/mapping_manager_task7.png> <./Lab5_LEC_Exercis
es/Task7/schematic_task7.png>]
Overfull \hbox (18.38593pt too wide) in paragraph at lines 267--267
[]\OT1/cmr/bx/n/17.28 Task 8: Re-named In-ter-nal Wires (Un-mapped Points) 
 []

<Lab5_LEC_Exercises/Task8/output_task8.png, id=82, 1539.95325pt x 865.43324pt>
File: Lab5_LEC_Exercises/Task8/output_task8.png Graphic file (type png)
<use Lab5_LEC_Exercises/Task8/output_task8.png>
Package pdftex.def Info: Lab5_LEC_Exercises/Task8/output_task8.png  used on inp
ut line 275.
(pdftex.def)             Requested size: 362.37569pt x 203.64095pt.
<Lab5_LEC_Exercises/Task9/output_task9.png, id=83, 1539.95325pt x 865.43324pt>
File: Lab5_LEC_Exercises/Task9/output_task9.png Graphic file (type png)
<use Lab5_LEC_Exercises/Task9/output_task9.png>
Package pdftex.def Info: Lab5_LEC_Exercises/Task9/output_task9.png  used on inp
ut line 289.
(pdftex.def)             Requested size: 362.37569pt x 203.64095pt.
<Lab5_LEC_Exercises/Task9/mapping_manager_task9.png, id=84, 1539.95325pt x 865.
43324pt>
File: Lab5_LEC_Exercises/Task9/mapping_manager_task9.png Graphic file (type png
)
<use Lab5_LEC_Exercises/Task9/mapping_manager_task9.png>
Package pdftex.def Info: Lab5_LEC_Exercises/Task9/mapping_manager_task9.png  us
ed on input line 294.
(pdftex.def)             Requested size: 362.37569pt x 203.64095pt.
[12 <./Lab5_LEC_Exercises/Task7/output_after_correction.png> <./Lab5_LEC_Exerci
ses/Task8/output_task8.png>]
<Lab5_LEC_Exercises/Task9/output_after_correcting_task9.png, id=90, 1539.95325p
t x 865.43324pt>
File: Lab5_LEC_Exercises/Task9/output_after_correcting_task9.png Graphic file (
type png)
<use Lab5_LEC_Exercises/Task9/output_after_correcting_task9.png>
Package pdftex.def Info: Lab5_LEC_Exercises/Task9/output_after_correcting_task9
.png  used on input line 307.
(pdftex.def)             Requested size: 362.37569pt x 203.64095pt.
 [13 <./Lab5_LEC_Exercises/Task9/output_task9.png> <./Lab5_LEC_Exercises/Task9/
mapping_manager_task9.png>] [14 <./Lab5_LEC_Exercises/Task9/output_after_correc
ting_task9.png>] (lab5_report.aux)
 ***********
LaTeX2e <2025-11-01>
L3 programming layer <2025-12-24>
 ***********
 ) 
Here is how much of TeX's memory you used:
 4473 strings out of 467871
 73190 string characters out of 5418376
 696690 words of memory out of 5000000
 33343 multiletter control sequences out of 15000+600000
 630782 words of font info for 51 fonts, out of 8000000 for 9000
 1141 hyphenation exceptions out of 8191
 57i,6n,65p,537b,1369s stack positions out of 10000i,1000n,20000p,200000b,200000s
<C:/Users/ragha/AppData/Local/Programs/MiKTeX/fonts/type1/public/amsfonts/cm/
cmbx12.pfb><C:/Users/ragha/AppData/Local/Programs/MiKTeX/fonts/type1/public/ams
fonts/cm/cmr12.pfb><C:/Users/ragha/AppData/Local/Programs/MiKTeX/fonts/type1/pu
blic/amsfonts/cm/cmr17.pfb><C:/Users/ragha/AppData/Local/Programs/MiKTeX/fonts/
type1/public/amsfonts/cm/cmr6.pfb><C:/Users/ragha/AppData/Local/Programs/MiKTeX
/fonts/type1/public/amsfonts/cm/cmtt10.pfb><C:/Users/ragha/AppData/Local/Progra
ms/MiKTeX/fonts/type1/public/amsfonts/cm/cmtt12.pfb>
Output written on lab5_report.pdf (14 pages, 5010454 bytes).
PDF statistics:
 127 PDF objects out of 1000 (max. 8388607)
 0 named destinations out of 1000 (max. 500000)
 121 words of extra memory for PDF output out of 10000 (max. 10000000)

